// Jest Snapshot v1, https://goo.gl/fbAQLP

exports[`DataTableFilter renders correctly 1`] = `
<div data-elm="filter" class="datatable__filter"><input type="text" placeholder="Filter records" data-elm="input" class="datatable__input">
  <div data-elm="clear" class="datatable__clear"><a href="#" data-elm="x" class="datatable__x">Ã—</a></div>
</div>
`;
