// Jest Snapshot v1, https://goo.gl/fbAQLP

exports[`DataTableBody renders correctly 1`] = `
<tbody>
  <tr data-elm="row" class="datatable__row">
    <data-table-cell-stub item="[object Object]" column="[object Object]" data-elm="cell" class="[object Object]"></data-table-cell-stub>
    <data-table-cell-stub item="[object Object]" column="[object Object]" data-elm="cell" data-last-column="true" class="[object Object]"></data-table-cell-stub>
  </tr>
  <tr data-elm="row" data-odd="true" class="datatable__row datatable__row--odd">
    <data-table-cell-stub item="[object Object]" column="[object Object]" data-elm="cell" data-last-row="true" class="[object Object]"></data-table-cell-stub>
    <data-table-cell-stub item="[object Object]" column="[object Object]" data-elm="cell" data-last-column="true" data-last-row="true" class="[object Object]"></data-table-cell-stub>
  </tr>
</tbody>
`;
