// Jest Snapshot v1, https://goo.gl/fbAQLP

exports[`DataTableCell renders children correctly 1`] = `<td>yo</td>`;

exports[`DataTableCell renders correctly 1`] = `<td>foo</td>`;

exports[`DataTableCell renders objects correctly 1`] = `<td>{"foo":"bar"}</td>`;

exports[`DataTableCell renders scopedSlots correctly 1`] = `<td>{"one":"foo","two":"bar"}</td>`;

exports[`DataTableCell renders scopedSlots with field correctly 1`] = `<td>foo</td>`;

exports[`DataTableCell renders scopedSlots with index correctly 1`] = `<td>1337</td>`;
